GAS LISTING add.s 			page 1


   1              	/******************************************************************************************
   2              	This program adds two integers and returns the sum to the operating system as the exit code.
   3              	
   4              	File: add.s
   5              	Programmer: J. Evan Noynaert
   6              	Begun:  August, 2025
   7              	
   8              	*******************************************************************************************/
   9              	
  10              	.globl _start
  11              	
  12              	.data
  13 0000 06000000 	   num1: .quad 6
  13      00000000 
  14 0008 05000000 	   num2: .quad 5
  14      00000000 
  15 0010 00000000 	   sum:  .quad 0
  15      00000000 
  16              	
  17              	.text
  18              	_start:
  19              	    # Add num1 plus num2 and store the contents in sum.   sum = num1 + num2
  20 0000 488B0425 	    movq num1, %rax
  20      00000000 
  21 0008 48030425 	    addq num2, %rax
  21      00000000 
  22 0010 48890425 	    movq %rax, sum
  22      00000000 
  23              	
  24              	    # exit the program     System.exit(sum)   sys.exit(sum)
  25 0018 48C7C03C 	    movq $60, %rax
  25      000000
  26 001f 488B3C25 	    movq sum, %rdi
  26      00000000 
  27 0027 0F05     	    syscall
